> ok

> ok

> ok

> ok

> b [2 3 3 2 1]
a [1 2 3 3 2 1 b]

> bye
