> ok

> ok

> ok

> ok

> ok

> d [1]
c [1]
b [1]
a [1 b c d]

> a 

> ok

> b c d 

> ok

> b c d e 

> a 

> ok

> b c d e 

> e [1]
d [1]
c [1]
b [1]
a [1 b c d e c d]

> not permitted

> e [1]
d [1]
c [1]
b [1]
a [1 b c d e c d]

> not permitted

> e [1]
d [1]
c [1]
b [1]
a [1 b c d e c d]

> ok

> e [1]
d [1]
c [1]
b [1]

> bye