> ok

> ok

> saved as snapshot 1

> ok

> b [10]

> ok

> b [10]
a [10]

> bye
