> You must provide a valid ID for a snapshot!

> You must provide a valid ID for a snapshot!

> bye