> no such snapshot

> no such snapshot

> no such snapshot

> no such snapshot

> ok

> saved as snapshot 1

> 1

> ok

> no such snapshot

> a [1]

> bye