> ok

> ok

> not permitted

> b [a a a]
a [1 2 3]

> bye