> ok

> ok

> ok

> ok

> ok

> ok

> saved as snapshot 1

> ok

> c [7 8 9]
b [c 4 5 6]

> ok

> c [7 8 9]
b [c 4 5 6]
a [b 1 2 3 c]

> ok

> c [7 8 9]
b [c 4 5 6]

> ok

> c [7 8 9]
b [c 4 5 6]
a [b 1 2 3 c]

> ok

> c [7 8 9]
b [c 4 5 6]

> ok

> ok

> c [7 8 9]
b [c 4 5 6]
a [b 1 2 3 c]

> bye
