> ok

> ok

> ok

> saved as snapshot 1

> ok

> saved as snapshot 2

> ok

> c [a b 1 2]
b [a 1 2]
a [1 2 3]

> ok

> no such key

> ok

> c [a b 1 2]
b [a 1 2]
a [1 2 3]

> no such key

> bye
