> ok

> ok

> ok

> ok

> ok

> ok

> saved as snapshot 1

> ok

> no such key

> no such key

> no such key

> no such key

> nil

> b 

> bye