> ok

> ok

> ok

> ok

> e [b a]
b [1]
a [1]

> ok

> b [1]
a [1]

> ok

> b [1]
a [1 b]

> 
bye
