> ok

> saved as snapshot 1

> saved as snapshot 2

> ok

> a [1]

> ok

> no such snapshot

> ok

> a [1]

> bye
