> ok

> saved as snapshot 1

> ok

> ok

> saved as snapshot 2

> 2

> ok

> hello [1]
b [2]
a [1]

> saved as snapshot 3

> 3
2

> ok

> hello [1]
b [2]
a [1]

> no such snapshot

> no such snapshot

> hello [1]
b [2]
a [1]

> no such snapshot

> hello [1]
b [2]
a [1]

> 
bye
