> ok

> ok

> ok

> ok

> ok

> ok

> ok

> ok

> ok

> ok

> b c d e f 

> a b d f 

> bye