> no such key

> no such key

> no such key

> no such key

> bye