> saved as snapshot 1

> ok

> saved as snapshot 2

> [10]

> ok

> no such key

> ok

> [10]

> bye