> ok

> ok

> ok

> [0 0 0 1 2]

> [bro 1 0 0 0 2]

> bye
