> ok

> ok

> -1000

> 5

> -1000

> 20

> ok

> -10001

> 5

> -10001

> 20

> bye
