> ok

> ok

> ok

> ok

> b [12 3]
a [b 1 2 3 b]

> no such key

> no such key

> bye
