> no such key

> ok

> 1

> 2

> 3

> index out of range

> index out of range

> bye