> ok

> ok

> ok

> ok

> d [a b c]
a [1 2 b c]
b [3 5 c]
c [7]

> not permitted

> not permitted

> not permitted

> ok

> ok

> ok

> ok

> ok

> c [7]

> nil

> bye