> ok

> ok

> ok

> ok

> saved as snapshot 1

> not permitted

> d [a b c]
a [1 2 b c]
b [3 5 c]
c [7]

> not permitted

> ok

> d [a b c]
a [1 2 b c]
b [3 5 c]
c [7]

> saved as snapshot 2

> ok

> ok

> ok

> not permitted

> b [1 2 3]
c [7]

> not permitted

> b [1 2 3]
c [7]

> not permitted

> not permitted

> ok

> b [1 2 3]
c [7]

> bye