> ok

> ok

> no entries

> ok

> a [1]

> saved as snapshot 1

> ok

> saved as snapshot 2

> 2
1

> ok

> b [11]
a [1 2]

> ok

> b [11]

> ok

> no entries

> ok

> no entries

> bye
