> ok

> ok

> ok

> ok

> b [1 2 3 2 3]
a [b 1 2 3 1 2 3]

> bye
