> ok

> no such key

> ok

> no such key

> ok

> not permitted

> not permitted

> no such key

> no such key

> ok

> b [2 3]
a [b b 1 2 3]

> bye
