> ok

> ok

> ok

> simple entry only

> b [a 1 2 3]
a [1 2 3 4 5]

> bye