> ok

> ok

> 6

> 2

> b [a a 2 2]
a [1 2]

> bye