> ok

> ok

> ok

> c3d [10 20 -100]
b2c [100 1 -2000]
a1b [-100 1 1]

> bye
