> not permitted

> not permitted

> not permitted

> ok

> no such key

> c [1 2 3]

> bye
