> ok

> ok

> ok

> ok

> Ab [12 23 aB]
aB [100 9]
A [100 9 9]
a [100 99 88]

> [100 99 88]

> [100 9 9]

> [100 9]

> [12 23 aB]

> bye
