> not permitted

> not permitted

> not permitted

> not permitted

> no entries

> bye