> SET a 1
> SNAPSHOT
> DROP 0
> SET b 2
> SNAPSHOT
> LIST SNAPSHOTS
0 
> SET hello 1
> LIST ENTRIES
a [1]
b [2]
hello [1]
> SNAPSHOT
> LIST SNAPSHOTS
0 1 
> DROP 1
> LIST ENTRIES
a [1]
b [2]
hello [1]
> CHECKOUT 0
> LIST ENTRIES
a [1]
b [2]
> DROP 0
> LIST ENTRIES
=y [-914812912]
 8y [-914812912]