> ok

> ok

> ok

> ok

> ok

> ok

> ok

> ok

> ok

> ok

> ok

> f [1]
e [f]
d [e]
c [e]
b [c d]
a [b]

> saved as snapshot 1

> ok

> ok

> f [1]
e [f]
d [e 1]
c [e]
b [c d]

> saved as snapshot 2

> ok

> ok

> f [1]
e [f]
d [e 2]
c [e]

> saved as snapshot 3

> ok

> ok

> f [1]
e [f]
d [e 3]

> 3
2
1

> ok

> f [1]
e [f]
d [e]
c [e]
b [c d]
a [b]

> ok

> f [1]
e [f]
d [e 1]
c [e]
b [c d]

> ok

> ok

> ok

> ok

> ok

> no entries

> ok

> f [1]
e [f]
d [e 2]
c [e]

> bye
