> ok

> ok

> ok

> ok

> ok

> ok

> saved as snapshot 1

> b

> saved as snapshot 2

> -1

> saved as snapshot 3

> 20

> saved as snapshot 4

> ok

> c [10 20 30]
b [c -1 0 1]
a [c b 1 2 3]

> b c 

> a b 

> 126

> ok

> c [10 20 30]
b [c -1 0 1]
a [c 1 2 3]

> c 

> a b 

> 66

> ok

> c [10 20 30]
b [c 0 1]
a [c 1 2 3]

> c 

> a b 

> 66

> 61

> 4
3
2
1

> bye