> ok

> saved as snapshot 1

> ok

> saved as snapshot 2

> ok

> a [1]

> ok

> b [2]
a [1]

> bye
