> ok

> ok

> [0 1 2 2 4 10 28 39 69 88 99]

> 2

> 0

> [1 2 4 10 28 39 69 88 99]

> ok

> [22 -21 -100 -3 -2 1 2 4 10 28 39 69 88 99]

> ok

> [-100 -21 -3 -2 1 2 4 10 22 28 39 69 88 99]

> bye
