> ok

> 1

> []

> ok

> []

> ok

> [3 2 1]

> ok

> [1 2 3]

> bye
