> ok

> 6

> ok

> ok

> 26

> not permitted

> b

> nil

> 6

> bye
