> ok

> ok

> ok

> simple entry only

> ok

> b [1]
a [b 1 1 2 3 3 5 3 3 6]

> bye
